MkChartRequests
    { unChartRequests = fromList
        [ MkChartRequest
            { description = Nothing
            , filters = []
            , title = "Runs by distance"
            , yAxis = YAxisDistance
            , y1Axis = Nothing
            }
        , MkChartRequest
            { description = Nothing
            , filters =
                [ Atom
                    ( FilterLabel "marathon" )
                ]
            , title = "Marathons"
            , yAxis = YAxisDuration
            , y1Axis = Just YAxisPace
            }
        , MkChartRequest
            { description = Nothing
            , filters =
                [ Atom
                    ( FilterLabel "official" )
                , Not
                    ( Atom
                        ( FilterLabel "marathon" )
                    )
                ]
            , title = "Official non-marathons"
            , yAxis = YAxisPace
            , y1Axis = Nothing
            }
        , MkChartRequest
            { description = Nothing
            , filters =
                [ Or
                    ( Atom
                        ( FilterLabel "half-marathon" )
                    )
                    ( Atom
                        ( FilterLabel "marathon" )
                    )
                ]
            , title = "Marathons and half-marathons"
            , yAxis = YAxisPace
            , y1Axis = Nothing
            }
        ]
    }
