build/charts.json

{
  "charts": [
    {
      "datasets": {
        "xAxis": [
          "2022-12-10T12:52:02",
          "2024-10-10T12:00:00-08:00",
          "2024-10-15",
          "2024-10-20T14:30:00",
          "2024-10-25T12:00:00-08:00",
          "2024-10-28T12:00:00-08:00",
          "2025-01-16T18:04:43",
          "2025-01-25T12:15:10",
          "2025-02-04T17:40:38",
          "2025-02-06T17:06:03"
        ],
        "yAxes": {
          "y": {
            "data": [
              11.63,
              21.0975,
              5,
              32.18,
              42.195,
              42.195,
              3.77,
              30.27,
              6.03,
              5.48
            ],
            "id": "y",
            "label": "km",
            "type": "distance"
          }
        }
      },
      "extra": {
        "description": "This is some activities plotted by distance."
      },
      "title": "Activities by distance"
    },
    {
      "datasets": {
        "xAxis": [
          "2022-12-10T12:52:02",
          "2024-10-10T12:00:00-08:00",
          "2024-10-15",
          "2024-10-20T14:30:00",
          "2024-10-25T12:00:00-08:00",
          "2024-10-28T12:00:00-08:00",
          "2025-01-03",
          "2025-01-16T18:04:43",
          "2025-01-25T12:15:10",
          "2025-02-04T17:40:38",
          "2025-02-06T17:06:03"
        ],
        "yAxes": {
          "y": {
            "data": [
              7.228091982597887,
              13.112181479179615,
              3.107520198881293,
              20,
              26.22436295835923,
              26.22436295835923,
              6.215040397762586,
              2.3430702299564947,
              18.812927284027346,
              3.747669359850839,
              3.405842137973897
            ],
            "id": "y",
            "label": "mi",
            "type": "distance"
          },
          "y1": {
            "data": [
              504.4208082545142,
              366.0718094560967,
              395.81399999999996,
              482.7,
              457.5897618201209,
              720.7038748666904,
              200.32049999999998,
              455.81220159151195,
              527.2969937231583,
              479.23117744610283,
              548.4693430656934
            ],
            "id": "y1",
            "label": "pace /mi",
            "type": "pace"
          }
        }
      },
      "extra": {
        "description": "The same activities as before, but in miles."
      },
      "title": "Activities by distance and pace"
    },
    {
      "datasets": {
        "xAxis": [
          "2024-10-25T12:00:00-08:00",
          "2024-10-28T12:00:00-08:00"
        ],
        "yAxes": {
          "y": {
            "data": [
              12000,
              18900
            ],
            "id": "y",
            "label": "time",
            "type": "duration"
          },
          "y1": {
            "data": [
              284.3938855314611,
              447.9203697120512
            ],
            "id": "y1",
            "label": "pace /km",
            "type": "pace"
          }
        }
      },
      "extra": {},
      "title": "Marathons"
    },
    {
      "datasets": {
        "xAxis": [
          "2024-10-10T12:00:00-08:00"
        ],
        "yAxes": {
          "y": {
            "data": [
              227.51510842516885
            ],
            "id": "y",
            "label": "pace /km",
            "type": "pace"
          }
        }
      },
      "extra": {},
      "title": "Official non-marathons"
    },
    {
      "datasets": {
        "xAxis": [
          "2024-10-10T12:00:00-08:00",
          "2024-10-25T12:00:00-08:00",
          "2024-10-28T12:00:00-08:00"
        ],
        "yAxes": {
          "y": {
            "data": [
              227.51510842516885,
              284.3938855314611,
              447.9203697120512
            ],
            "id": "y",
            "label": "pace /km",
            "type": "pace"
          }
        }
      },
      "extra": {},
      "title": "Marathons and half-marathons"
    },
    {
      "datasets": {
        "xAxis": [
          "2024-10-20T14:30:00",
          "2024-10-25T12:00:00-08:00",
          "2024-10-28T12:00:00-08:00",
          "2025-01-25T12:15:10"
        ],
        "yAxes": {
          "y": {
            "data": [
              32.18,
              42.195,
              42.195,
              30.27
            ],
            "id": "y",
            "label": "km",
            "type": "distance"
          },
          "y1": {
            "data": [
              300,
              284.3938855314611,
              447.9203697120512,
              327.7172117608193
            ],
            "id": "y1",
            "label": "pace /km",
            "type": "pace"
          }
        }
      },
      "extra": {},
      "title": "Long activities"
    },
    {
      "datasets": {
        "xAxis": [
          "2022-12-05",
          "2024-10-07",
          "2024-10-14",
          "2024-10-21",
          "2024-10-28",
          "2024-12-30",
          "2025-01-13",
          "2025-01-20",
          "2025-02-03"
        ],
        "yAxes": {
          "y": {
            "data": [
              11.63,
              21.0975,
              37.18,
              42.195,
              42.195,
              10,
              3.77,
              30.27,
              11.510000000000002
            ],
            "id": "y",
            "label": "km",
            "type": "distance"
          }
        }
      },
      "extra": {},
      "title": "Runs by week"
    },
    {
      "datasets": {
        "xAxis": [
          "2022-12-10T12:52:02",
          "2024-10-10T12:00:00-08:00",
          "2024-10-15",
          "2024-10-20T14:30:00",
          "2024-10-25T12:00:00-08:00",
          "2024-10-28T12:00:00-08:00",
          "2025-01-03",
          "2025-01-16T18:04:43",
          "2025-01-25T12:15:10",
          "2025-02-04T17:40:38",
          "2025-02-06T17:06:03"
        ],
        "yAxes": {
          "y": {
            "data": [
              11.63,
              21.0975,
              5,
              32.18,
              42.195,
              42.195,
              10,
              3.77,
              30.27,
              6.03,
              5.48
            ],
            "id": "y",
            "label": "km",
            "type": "distance"
          }
        }
      },
      "extra": {},
      "title": "Running and Cycling"
    }
  ],
  "theme": {
    "default": "Pink",
    "themes": [
      {
        "background": "#320054",
        "grid": "#ff49dc",
        "name": "Pink",
        "selectorBackground": "#ff49dc",
        "text": "#ff49dc",
        "tooltip": "#ff49dc",
        "tooltipBackground": "#320054"
      }
    ]
  }
}

