build/charts.json

{
  "charts": [
    {
      "datasets": {
        "xAxis": [
          "2024-10-10T12:00:00-08:00",
          "2024-10-15",
          "2024-10-20T14:30:00",
          "2024-10-25T12:00:00-08:00",
          "2024-10-28T12:00:00-08:00"
        ],
        "yAxes": {
          "y": {
            "data": [
              21.0975,
              5,
              32.18,
              42.195,
              42.195
            ],
            "id": "y",
            "label": "km",
            "type": "distance"
          }
        }
      },
      "extra": {
        "description": "This is some activities plotted by distance."
      },
      "title": "Activities by distance"
    },
    {
      "datasets": {
        "xAxis": [
          "2024-10-10T12:00:00-08:00",
          "2024-10-15",
          "2024-10-20T14:30:00",
          "2024-10-25T12:00:00-08:00",
          "2024-10-28T12:00:00-08:00",
          "2025-01-03"
        ],
        "yAxes": {
          "y": {
            "data": [
              13.112181479179615,
              3.107520198881293,
              20,
              26.22436295835923,
              26.22436295835923,
              6.215040397762586
            ],
            "id": "y",
            "label": "mi",
            "type": "distance"
          },
          "y1": {
            "data": [
              366.0718094560967,
              395.81399999999996,
              482.7,
              457.5897618201209,
              720.7038748666904,
              200.32049999999998
            ],
            "id": "y1",
            "label": "pace /mi",
            "type": "pace"
          }
        }
      },
      "extra": {
        "description": "The same activities as before, but in miles."
      },
      "title": "Activities by distance and pace"
    },
    {
      "datasets": {
        "xAxis": [
          "2024-10-25T12:00:00-08:00",
          "2024-10-28T12:00:00-08:00"
        ],
        "yAxes": {
          "y": {
            "data": [
              12000,
              18900
            ],
            "id": "y",
            "label": "time",
            "type": "duration"
          },
          "y1": {
            "data": [
              284.3938855314611,
              447.9203697120512
            ],
            "id": "y1",
            "label": "pace /km",
            "type": "pace"
          }
        }
      },
      "extra": {},
      "title": "Marathons"
    },
    {
      "datasets": {
        "xAxis": [
          "2024-10-10T12:00:00-08:00"
        ],
        "yAxes": {
          "y": {
            "data": [
              227.51510842516885
            ],
            "id": "y",
            "label": "pace /km",
            "type": "pace"
          }
        }
      },
      "extra": {},
      "title": "Official non-marathons"
    },
    {
      "datasets": {
        "xAxis": [
          "2024-10-10T12:00:00-08:00",
          "2024-10-25T12:00:00-08:00",
          "2024-10-28T12:00:00-08:00"
        ],
        "yAxes": {
          "y": {
            "data": [
              227.51510842516885,
              284.3938855314611,
              447.9203697120512
            ],
            "id": "y",
            "label": "pace /km",
            "type": "pace"
          }
        }
      },
      "extra": {},
      "title": "Marathons and half-marathons"
    },
    {
      "datasets": {
        "xAxis": [
          "2024-10-20T14:30:00",
          "2024-10-25T12:00:00-08:00",
          "2024-10-28T12:00:00-08:00"
        ],
        "yAxes": {
          "y": {
            "data": [
              32.18,
              42.195,
              42.195
            ],
            "id": "y",
            "label": "km",
            "type": "distance"
          },
          "y1": {
            "data": [
              300,
              284.3938855314611,
              447.9203697120512
            ],
            "id": "y1",
            "label": "pace /km",
            "type": "pace"
          }
        }
      },
      "extra": {},
      "title": "Long activities"
    },
    {
      "datasets": {
        "xAxis": [
          "2024-10-07",
          "2024-10-14",
          "2024-10-21",
          "2024-10-28",
          "2024-12-30"
        ],
        "yAxes": {
          "y": {
            "data": [
              21.0975,
              37.18,
              42.195,
              42.195,
              10
            ],
            "id": "y",
            "label": "km",
            "type": "distance"
          }
        }
      },
      "extra": {},
      "title": "Runs by week"
    },
    {
      "datasets": {
        "xAxis": [
          "2024-10-10T12:00:00-08:00",
          "2024-10-15",
          "2024-10-20T14:30:00",
          "2024-10-25T12:00:00-08:00",
          "2024-10-28T12:00:00-08:00",
          "2025-01-03"
        ],
        "yAxes": {
          "y": {
            "data": [
              21.0975,
              5,
              32.18,
              42.195,
              42.195,
              10
            ],
            "id": "y",
            "label": "km",
            "type": "distance"
          }
        }
      },
      "extra": {},
      "title": "Running and Cycling"
    }
  ],
  "theme": {
    "default": "Pink",
    "themes": [
      {
        "background": "#320054",
        "grid": "#ff49dc",
        "name": "Pink",
        "selectorBorder": "#ff49dc",
        "text": "#ff49dc",
        "tooltip": "#ff49dc",
        "tooltipBackground": "#320054",
        "y1Background": "#ff6384",
        "yBackground": "#36a2eb",
        "zoomDragBackground": "#436dd0"
      }
    ]
  }
}

