build/charts.json

{
  "charts": [
    {
      "datasets": {
        "xAxis": [
          "2024-06-01",
          "2024-06-04",
          "2024-06-07",
          "2024-06-10",
          "2024-06-13",
          "2024-06-16",
          "2024-06-19",
          "2024-06-22",
          "2024-06-25",
          "2024-06-28",
          "2024-07-01",
          "2024-07-04",
          "2024-07-07",
          "2024-07-10",
          "2024-07-13",
          "2024-07-16",
          "2024-07-19",
          "2024-07-22",
          "2024-07-25",
          "2024-07-28"
        ],
        "yAxes": {
          "y": {
            "data": [
              5,
              10,
              7,
              2,
              15,
              10,
              25,
              14,
              8,
              40,
              5,
              10,
              7,
              2,
              15,
              10,
              25,
              14,
              8,
              40
            ],
            "id": "y",
            "label": "km",
            "type": "distance"
          },
          "y1": {
            "data": [
              1200,
              2400,
              1800,
              300,
              4200,
              2100,
              7200,
              3630,
              1800,
              10800,
              1200,
              2400,
              1800,
              300,
              4200,
              2100,
              7200,
              3630,
              1800,
              10800
            ],
            "id": "y1",
            "label": "time",
            "type": "duration"
          }
        }
      },
      "extra": {},
      "title": "Normal"
    },
    {
      "datasets": {
        "xAxis": [
          "2024-06-01",
          "2024-06-04",
          "2024-06-07",
          "2024-06-10",
          "2024-06-13",
          "2024-06-16",
          "2024-06-19",
          "2024-06-22",
          "2024-06-25",
          "2024-06-28",
          "2024-07-01",
          "2024-07-04",
          "2024-07-07",
          "2024-07-10",
          "2024-07-13",
          "2024-07-16",
          "2024-07-19",
          "2024-07-22",
          "2024-07-25",
          "2024-07-28"
        ],
        "yAxes": {
          "y": {
            "data": [
              5,
              10,
              7,
              2,
              15,
              10,
              25,
              14,
              8,
              40,
              5,
              10,
              7,
              2,
              15,
              10,
              25,
              14,
              8,
              40
            ],
            "id": "y",
            "label": "km",
            "type": "distance"
          },
          "y1": {
            "data": [
              1200,
              2400,
              1800,
              300,
              4200,
              2100,
              7200,
              3630,
              1800,
              10800,
              1200,
              2400,
              1800,
              300,
              4200,
              2100,
              7200,
              3630,
              1800,
              10800
            ],
            "id": "y1",
            "label": "time",
            "type": "duration"
          }
        }
      },
      "extra": {
        "description": "Verifying this is the same as normal."
      },
      "title": "Sum 1 days"
    },
    {
      "datasets": {
        "xAxis": [
          "2024-06-07",
          "2024-06-10",
          "2024-06-13",
          "2024-06-16",
          "2024-06-19",
          "2024-06-22",
          "2024-06-25",
          "2024-06-28",
          "2024-07-01",
          "2024-07-04",
          "2024-07-07",
          "2024-07-10",
          "2024-07-13",
          "2024-07-16",
          "2024-07-19",
          "2024-07-22",
          "2024-07-25",
          "2024-07-28"
        ],
        "yAxes": {
          "y": {
            "data": [
              7.333333333333333,
              6.333333333333333,
              8,
              9,
              16.666666666666668,
              16.333333333333332,
              15.666666666666666,
              20.666666666666668,
              17.666666666666668,
              18.333333333333332,
              7.333333333333333,
              6.333333333333333,
              8,
              9,
              16.666666666666668,
              16.333333333333332,
              15.666666666666666,
              20.666666666666668
            ],
            "id": "y",
            "label": "km",
            "type": "distance"
          },
          "y1": {
            "data": [
              1800,
              1500,
              2100,
              2200,
              4500,
              4310,
              4210,
              5410,
              4600,
              4800,
              1800,
              1500,
              2100,
              2200,
              4500,
              4310,
              4210,
              5410
            ],
            "id": "y1",
            "label": "time",
            "type": "duration"
          }
        }
      },
      "extra": {
        "smoothCurve": 0.25
      },
      "title": "Sum 1 days smooth 3 rolling"
    },
    {
      "datasets": {
        "xAxis": [
          "2024-06-13",
          "2024-06-16",
          "2024-06-19",
          "2024-06-22",
          "2024-06-25",
          "2024-06-28",
          "2024-07-01",
          "2024-07-04",
          "2024-07-07",
          "2024-07-10",
          "2024-07-13",
          "2024-07-16",
          "2024-07-19",
          "2024-07-22",
          "2024-07-25",
          "2024-07-28"
        ],
        "yAxes": {
          "y": {
            "data": [
              7.8,
              8.8,
              11.8,
              13.2,
              14.4,
              19.4,
              18.4,
              15.4,
              14,
              12.8,
              7.8,
              8.8,
              11.8,
              13.2,
              14.4,
              19.4
            ],
            "id": "y",
            "label": "km",
            "type": "distance"
          },
          "y1": {
            "data": [
              1980,
              2160,
              3120,
              3486,
              3786,
              5106,
              4926,
              3966,
              3600,
              3300,
              1980,
              2160,
              3120,
              3486,
              3786,
              5106
            ],
            "id": "y1",
            "label": "time",
            "type": "duration"
          }
        }
      },
      "extra": {
        "smoothCurve": 0.25
      },
      "title": "Sum 1 days smooth 5 rolling"
    },
    {
      "datasets": {
        "xAxis": [
          "2024-06-04",
          "2024-06-07",
          "2024-06-10",
          "2024-06-13",
          "2024-06-16",
          "2024-06-19",
          "2024-06-22",
          "2024-06-25",
          "2024-06-28",
          "2024-07-01",
          "2024-07-04",
          "2024-07-07",
          "2024-07-10",
          "2024-07-13",
          "2024-07-16",
          "2024-07-19",
          "2024-07-22",
          "2024-07-25"
        ],
        "yAxes": {
          "y": {
            "data": [
              7.333333333333333,
              6.333333333333333,
              8,
              9,
              16.666666666666668,
              16.333333333333332,
              15.666666666666666,
              20.666666666666668,
              17.666666666666668,
              18.333333333333332,
              7.333333333333333,
              6.333333333333333,
              8,
              9,
              16.666666666666668,
              16.333333333333332,
              15.666666666666666,
              20.666666666666668
            ],
            "id": "y",
            "label": "km",
            "type": "distance"
          },
          "y1": {
            "data": [
              1800,
              1500,
              2100,
              2200,
              4500,
              4310,
              4210,
              5410,
              4600,
              4800,
              1800,
              1500,
              2100,
              2200,
              4500,
              4310,
              4210,
              5410
            ],
            "id": "y1",
            "label": "time",
            "type": "duration"
          }
        }
      },
      "extra": {
        "smoothCurve": 0.25
      },
      "title": "Sum 1 days smooth 3 window"
    },
    {
      "datasets": {
        "xAxis": [
          "2024-06-07",
          "2024-06-10",
          "2024-06-13",
          "2024-06-16",
          "2024-06-19",
          "2024-06-22",
          "2024-06-25",
          "2024-06-28",
          "2024-07-01",
          "2024-07-04",
          "2024-07-07",
          "2024-07-10",
          "2024-07-13",
          "2024-07-16",
          "2024-07-19",
          "2024-07-22"
        ],
        "yAxes": {
          "y": {
            "data": [
              7.8,
              8.8,
              11.8,
              13.2,
              14.4,
              19.4,
              18.4,
              15.4,
              14,
              12.8,
              7.8,
              8.8,
              11.8,
              13.2,
              14.4,
              19.4
            ],
            "id": "y",
            "label": "km",
            "type": "distance"
          },
          "y1": {
            "data": [
              1980,
              2160,
              3120,
              3486,
              3786,
              5106,
              4926,
              3966,
              3600,
              3300,
              1980,
              2160,
              3120,
              3486,
              3786,
              5106
            ],
            "id": "y1",
            "label": "time",
            "type": "duration"
          }
        }
      },
      "extra": {
        "smoothCurve": 0.25
      },
      "title": "Sum 1 days smooth 5 window"
    },
    {
      "datasets": {
        "xAxis": [
          "2024-06-01",
          "2024-06-06",
          "2024-06-11",
          "2024-06-16",
          "2024-06-21",
          "2024-06-26",
          "2024-07-01",
          "2024-07-06",
          "2024-07-11",
          "2024-07-16",
          "2024-07-21",
          "2024-07-26"
        ],
        "yAxes": {
          "y": {
            "data": [
              15,
              9,
              15,
              35,
              22,
              40,
              15,
              9,
              15,
              35,
              22,
              40
            ],
            "id": "y",
            "label": "km",
            "type": "distance"
          },
          "y1": {
            "data": [
              3600,
              2100,
              4200,
              9300,
              5430,
              10800,
              3600,
              2100,
              4200,
              9300,
              5430,
              10800
            ],
            "id": "y1",
            "label": "time",
            "type": "duration"
          }
        }
      },
      "extra": {},
      "title": "Sum 5 days"
    },
    {
      "datasets": {
        "xAxis": [
          "2024-06-11",
          "2024-06-16",
          "2024-06-21",
          "2024-06-26",
          "2024-07-01",
          "2024-07-06",
          "2024-07-11",
          "2024-07-16",
          "2024-07-21",
          "2024-07-26"
        ],
        "yAxes": {
          "y": {
            "data": [
              13,
              19.666666666666668,
              24,
              32.333333333333336,
              25.666666666666668,
              21.333333333333332,
              13,
              19.666666666666668,
              24,
              32.333333333333336
            ],
            "id": "y",
            "label": "km",
            "type": "distance"
          },
          "y1": {
            "data": [
              3300,
              5200,
              6310,
              8510,
              6610,
              5500,
              3300,
              5200,
              6310,
              8510
            ],
            "id": "y1",
            "label": "time",
            "type": "duration"
          }
        }
      },
      "extra": {
        "smoothCurve": 0.25
      },
      "title": "Sum 5 days smooth 3 rolling"
    },
    {
      "datasets": {
        "xAxis": [
          "2024-06-21",
          "2024-06-26",
          "2024-07-01",
          "2024-07-06",
          "2024-07-11",
          "2024-07-16",
          "2024-07-21",
          "2024-07-26"
        ],
        "yAxes": {
          "y": {
            "data": [
              19.2,
              24.2,
              25.4,
              24.2,
              20.2,
              22.8,
              19.2,
              24.2
            ],
            "id": "y",
            "label": "km",
            "type": "distance"
          },
          "y1": {
            "data": [
              4926,
              6366,
              6666,
              6246,
              5226,
              6000,
              4926,
              6366
            ],
            "id": "y1",
            "label": "time",
            "type": "duration"
          }
        }
      },
      "extra": {
        "smoothCurve": 0.25
      },
      "title": "Sum 5 days smooth 5 rolling"
    },
    {
      "datasets": {
        "xAxis": [
          "2024-06-06",
          "2024-06-11",
          "2024-06-16",
          "2024-06-21",
          "2024-06-26",
          "2024-07-01",
          "2024-07-06",
          "2024-07-11",
          "2024-07-16",
          "2024-07-21"
        ],
        "yAxes": {
          "y": {
            "data": [
              13,
              19.666666666666668,
              24,
              32.333333333333336,
              25.666666666666668,
              21.333333333333332,
              13,
              19.666666666666668,
              24,
              32.333333333333336
            ],
            "id": "y",
            "label": "km",
            "type": "distance"
          },
          "y1": {
            "data": [
              3300,
              5200,
              6310,
              8510,
              6610,
              5500,
              3300,
              5200,
              6310,
              8510
            ],
            "id": "y1",
            "label": "time",
            "type": "duration"
          }
        }
      },
      "extra": {
        "smoothCurve": 0.25
      },
      "title": "Sum 5 days smooth 3 window"
    },
    {
      "datasets": {
        "xAxis": [
          "2024-06-11",
          "2024-06-16",
          "2024-06-21",
          "2024-06-26",
          "2024-07-01",
          "2024-07-06",
          "2024-07-11",
          "2024-07-16"
        ],
        "yAxes": {
          "y": {
            "data": [
              19.2,
              24.2,
              25.4,
              24.2,
              20.2,
              22.8,
              19.2,
              24.2
            ],
            "id": "y",
            "label": "km",
            "type": "distance"
          },
          "y1": {
            "data": [
              4926,
              6366,
              6666,
              6246,
              5226,
              6000,
              4926,
              6366
            ],
            "id": "y1",
            "label": "time",
            "type": "duration"
          }
        }
      },
      "extra": {
        "smoothCurve": 0.25
      },
      "title": "Sum 5 days smooth 5 window"
    },
    {
      "datasets": {
        "xAxis": [
          "2024-06-01",
          "2024-06-11",
          "2024-06-21",
          "2024-07-01",
          "2024-07-11",
          "2024-07-21"
        ],
        "yAxes": {
          "y": {
            "data": [
              24,
              50,
              62,
              24,
              50,
              62
            ],
            "id": "y",
            "label": "km",
            "type": "distance"
          },
          "y1": {
            "data": [
              5700,
              13500,
              16230,
              5700,
              13500,
              16230
            ],
            "id": "y1",
            "label": "time",
            "type": "duration"
          }
        }
      },
      "extra": {},
      "title": "Sum 10 days"
    },
    {
      "datasets": {
        "xAxis": [
          "2024-06-21",
          "2024-07-01",
          "2024-07-11",
          "2024-07-21"
        ],
        "yAxes": {
          "y": {
            "data": [
              45.333333333333336,
              45.333333333333336,
              45.333333333333336,
              45.333333333333336
            ],
            "id": "y",
            "label": "km",
            "type": "distance"
          },
          "y1": {
            "data": [
              11810,
              11810,
              11810,
              11810
            ],
            "id": "y1",
            "label": "time",
            "type": "duration"
          }
        }
      },
      "extra": {
        "smoothCurve": 0.25
      },
      "title": "Sum 10 days smooth 3 rolling"
    },
    {
      "datasets": {
        "xAxis": [
          "2024-07-11",
          "2024-07-21"
        ],
        "yAxes": {
          "y": {
            "data": [
              42,
              49.6
            ],
            "id": "y",
            "label": "km",
            "type": "distance"
          },
          "y1": {
            "data": [
              10926,
              13032
            ],
            "id": "y1",
            "label": "time",
            "type": "duration"
          }
        }
      },
      "extra": {
        "smoothCurve": 0.25
      },
      "title": "Sum 10 days smooth 5 rolling"
    },
    {
      "datasets": {
        "xAxis": [
          "2024-06-11",
          "2024-06-21",
          "2024-07-01",
          "2024-07-11"
        ],
        "yAxes": {
          "y": {
            "data": [
              45.333333333333336,
              45.333333333333336,
              45.333333333333336,
              45.333333333333336
            ],
            "id": "y",
            "label": "km",
            "type": "distance"
          },
          "y1": {
            "data": [
              11810,
              11810,
              11810,
              11810
            ],
            "id": "y1",
            "label": "time",
            "type": "duration"
          }
        }
      },
      "extra": {
        "smoothCurve": 0.25
      },
      "title": "Sum 10 days smooth 3 window"
    },
    {
      "datasets": {
        "xAxis": [
          "2024-06-21",
          "2024-07-01"
        ],
        "yAxes": {
          "y": {
            "data": [
              42,
              49.6
            ],
            "id": "y",
            "label": "km",
            "type": "distance"
          },
          "y1": {
            "data": [
              10926,
              13032
            ],
            "id": "y1",
            "label": "time",
            "type": "duration"
          }
        }
      },
      "extra": {
        "smoothCurve": 0.25
      },
      "title": "Sum 10 days smooth 5 window"
    }
  ]
}

