Error decoding json path 'test\functional\data\testFilterParseExprError\chart-requests.json': Error in $.charts[0].filters[0]: Text: 'labels includes foo and or distance > 4 or date < 2024'

Tokens: [labels,includes,foo,and,or,distance,>,4,or,date,<,2024]

Error: Pacer.Class.Parser.parseWith:1:1:
  |
1 | or distance > 4 or date < 2024
  | ^^
unexpected 'or'
expecting '(', 'not', or atom

