build/charts.json

[
  {
    "datasets": {
      "xAxis": [
        "2022-12-10T12:52:02",
        "2024-10-10T12:00:00",
        "2024-10-25T12:00:00",
        "2025-01-16T18:04:43",
        "2025-01-25T12:15:10",
        "2025-02-04T17:40:38",
        "2025-02-06T17:06:03"
      ],
      "yAxes": {
        "y": {
          "data": [
            11.63,
            21.1,
            42.2,
            3.77,
            30.27,
            6.03,
            5.48
          ],
          "id": "y",
          "label": "km",
          "type": "distance"
        }
      }
    },
    "extra": {
      "description": "This is some runs plotted by distance."
    },
    "title": "Runs by distance"
  },
  {
    "datasets": {
      "xAxis": [
        "2022-12-10T12:52:02",
        "2024-10-10T12:00:00",
        "2024-10-25T12:00:00",
        "2025-01-16T18:04:43",
        "2025-01-25T12:15:10",
        "2025-02-04T17:40:38",
        "2025-02-06T17:06:03"
      ],
      "yAxes": {
        "y": {
          "data": [
            7.228091982597887,
            13.113735239279055,
            26.22747047855811,
            2.3430702299564947,
            18.812927284027346,
            3.747669359850839,
            3.405842137973897
          ],
          "id": "y",
          "label": "mi",
          "type": "distance"
        },
        "y1": {
          "data": [
            504.4208082545142,
            366.02843601895734,
            457.53554502369667,
            455.81220159151195,
            527.2969937231583,
            479.23117744610283,
            548.4693430656934
          ],
          "id": "y1",
          "label": "pace /mi",
          "type": "pace"
        }
      }
    },
    "extra": {
      "description": "The same runs as before, but in miles."
    },
    "title": "Runs by distance and pace"
  },
  {
    "datasets": {
      "xAxis": [
        "2024-10-25T12:00:00"
      ],
      "yAxes": {
        "y": {
          "data": [
            12000
          ],
          "id": "y",
          "label": "time",
          "type": "duration"
        },
        "y1": {
          "data": [
            284.3601895734597
          ],
          "id": "y1",
          "label": "pace /km",
          "type": "pace"
        }
      }
    },
    "extra": {},
    "title": "Marathons"
  },
  {
    "datasets": {
      "xAxis": [
        "2024-10-10T12:00:00"
      ],
      "yAxes": {
        "y": {
          "data": [
            227.48815165876775
          ],
          "id": "y",
          "label": "pace /km",
          "type": "pace"
        }
      }
    },
    "extra": {},
    "title": "Official non-marathons"
  },
  {
    "datasets": {
      "xAxis": [
        "2024-10-10T12:00:00",
        "2024-10-25T12:00:00"
      ],
      "yAxes": {
        "y": {
          "data": [
            227.48815165876775,
            284.3601895734597
          ],
          "id": "y",
          "label": "pace /km",
          "type": "pace"
        }
      }
    },
    "extra": {},
    "title": "Marathons and half-marathons"
  },
  {
    "datasets": {
      "xAxis": [
        "2024-10-25T12:00:00",
        "2025-01-25T12:15:10"
      ],
      "yAxes": {
        "y": {
          "data": [
            42.2,
            30.27
          ],
          "id": "y",
          "label": "km",
          "type": "distance"
        },
        "y1": {
          "data": [
            284.3601895734597,
            327.7172117608193
          ],
          "id": "y1",
          "label": "pace /km",
          "type": "pace"
        }
      }
    },
    "extra": {},
    "title": "Long runs"
  }
]

