build/charts.json

[
  {
    "datasets": {
      "xAxis": [
        "2024-10-15",
        "2024-10-20T14:30:00",
        "2024-10-25T12:00:00-08:00",
        "2024-10-26"
      ],
      "yAxes": [
        {
          "data": [
            5,
            32.18,
            42.195,
            21.0975
          ],
          "fill": false,
          "label": "distance",
          "pointHoverRadius": 20,
          "tension": 0,
          "yAxisID": "y"
        }
      ]
    },
    "extra": {
      "description": "This is some runs plotted by distance."
    },
    "options": {
      "maintainAspectRatio": false,
      "plugins": {
        "legend": {
          "labels": {
            "color": "#c3c3c3"
          }
        },
        "title": {
          "align": "center",
          "color": "#c3c3c3",
          "display": false,
          "font": {
            "size": 24
          },
          "text": "Runs by distance"
        },
        "tooltip": {
          "backgroundColor": "rgba(204, 204, 204, 0.75)",
          "bodyColor": "black",
          "titleColor": "black"
        }
      },
      "pointHitRadius": 20,
      "responsive": true,
      "scales": {
        "x": {
          "grid": {
            "color": "#393939"
          },
          "ticks": {
            "color": "#c3c3c3"
          },
          "time": {
            "displayFormats": {
              "day": "dd MMM yy"
            },
            "unit": "day"
          },
          "title": {
            "color": "#c3c3c3",
            "display": true,
            "font": {
              "size": 16
            },
            "text": "datetime"
          },
          "type": "timeseries"
        },
        "y": {
          "grid": {
            "color": "#393939"
          },
          "position": "left",
          "ticks": {
            "color": "#c3c3c3"
          },
          "title": {
            "color": "#c3c3c3",
            "display": true,
            "font": {
              "size": 16
            },
            "text": "km"
          }
        }
      }
    }
  },
  {
    "datasets": {
      "xAxis": [
        "2024-10-15",
        "2024-10-20T14:30:00",
        "2024-10-25T12:00:00-08:00",
        "2024-10-26"
      ],
      "yAxes": [
        {
          "data": [
            3.107520198881293,
            20,
            26.22436295835923,
            13.112181479179615
          ],
          "fill": false,
          "label": "distance",
          "pointHoverRadius": 20,
          "tension": 0,
          "yAxisID": "y"
        },
        {
          "data": [
            395.81399999999996,
            482.7,
            457.5897618201209,
            457.5897618201209
          ],
          "fill": false,
          "label": "pace",
          "pointHoverRadius": 20,
          "tension": 0,
          "yAxisID": "y1"
        }
      ]
    },
    "extra": {
      "description": "The same runs as before, but in miles."
    },
    "options": {
      "maintainAspectRatio": false,
      "plugins": {
        "legend": {
          "labels": {
            "color": "#c3c3c3"
          }
        },
        "title": {
          "align": "center",
          "color": "#c3c3c3",
          "display": false,
          "font": {
            "size": 24
          },
          "text": "Runs by distance and pace"
        },
        "tooltip": {
          "backgroundColor": "rgba(204, 204, 204, 0.75)",
          "bodyColor": "black",
          "titleColor": "black"
        }
      },
      "pointHitRadius": 20,
      "responsive": true,
      "scales": {
        "x": {
          "grid": {
            "color": "#393939"
          },
          "ticks": {
            "color": "#c3c3c3"
          },
          "time": {
            "displayFormats": {
              "day": "dd MMM yy"
            },
            "unit": "day"
          },
          "title": {
            "color": "#c3c3c3",
            "display": true,
            "font": {
              "size": 16
            },
            "text": "datetime"
          },
          "type": "timeseries"
        },
        "y": {
          "grid": {
            "color": "#393939"
          },
          "position": "left",
          "ticks": {
            "color": "#c3c3c3"
          },
          "title": {
            "color": "#c3c3c3",
            "display": true,
            "font": {
              "size": 16
            },
            "text": "mi"
          }
        },
        "y1": {
          "grid": {
            "color": "#393939"
          },
          "position": "right",
          "ticks": {
            "color": "#c3c3c3"
          },
          "title": {
            "color": "#c3c3c3",
            "display": true,
            "font": {
              "size": 16
            },
            "text": "pace /mi"
          }
        }
      }
    }
  },
  {
    "datasets": {
      "xAxis": [
        "2024-10-25T12:00:00-08:00"
      ],
      "yAxes": [
        {
          "data": [
            12000
          ],
          "fill": false,
          "label": "duration",
          "pointHoverRadius": 20,
          "tension": 0,
          "yAxisID": "y"
        },
        {
          "data": [
            284.3938855314611
          ],
          "fill": false,
          "label": "pace",
          "pointHoverRadius": 20,
          "tension": 0,
          "yAxisID": "y1"
        }
      ]
    },
    "extra": {},
    "options": {
      "maintainAspectRatio": false,
      "plugins": {
        "legend": {
          "labels": {
            "color": "#c3c3c3"
          }
        },
        "title": {
          "align": "center",
          "color": "#c3c3c3",
          "display": false,
          "font": {
            "size": 24
          },
          "text": "Marathons"
        },
        "tooltip": {
          "backgroundColor": "rgba(204, 204, 204, 0.75)",
          "bodyColor": "black",
          "titleColor": "black"
        }
      },
      "pointHitRadius": 20,
      "responsive": true,
      "scales": {
        "x": {
          "grid": {
            "color": "#393939"
          },
          "ticks": {
            "color": "#c3c3c3"
          },
          "time": {
            "displayFormats": {
              "day": "dd MMM yy"
            },
            "unit": "day"
          },
          "title": {
            "color": "#c3c3c3",
            "display": true,
            "font": {
              "size": 16
            },
            "text": "datetime"
          },
          "type": "timeseries"
        },
        "y": {
          "grid": {
            "color": "#393939"
          },
          "position": "left",
          "ticks": {
            "color": "#c3c3c3"
          },
          "title": {
            "color": "#c3c3c3",
            "display": true,
            "font": {
              "size": 16
            },
            "text": "time"
          }
        },
        "y1": {
          "grid": {
            "color": "#393939"
          },
          "position": "right",
          "ticks": {
            "color": "#c3c3c3"
          },
          "title": {
            "color": "#c3c3c3",
            "display": true,
            "font": {
              "size": 16
            },
            "text": "pace /km"
          }
        }
      }
    }
  },
  {
    "datasets": {
      "xAxis": [
        "2024-10-26"
      ],
      "yAxes": [
        {
          "data": [
            284.3938855314611
          ],
          "fill": false,
          "label": "pace",
          "pointHoverRadius": 20,
          "tension": 0,
          "yAxisID": "y"
        }
      ]
    },
    "extra": {},
    "options": {
      "maintainAspectRatio": false,
      "plugins": {
        "legend": {
          "labels": {
            "color": "#c3c3c3"
          }
        },
        "title": {
          "align": "center",
          "color": "#c3c3c3",
          "display": false,
          "font": {
            "size": 24
          },
          "text": "Official non-marathons"
        },
        "tooltip": {
          "backgroundColor": "rgba(204, 204, 204, 0.75)",
          "bodyColor": "black",
          "titleColor": "black"
        }
      },
      "pointHitRadius": 20,
      "responsive": true,
      "scales": {
        "x": {
          "grid": {
            "color": "#393939"
          },
          "ticks": {
            "color": "#c3c3c3"
          },
          "time": {
            "displayFormats": {
              "day": "dd MMM yy"
            },
            "unit": "day"
          },
          "title": {
            "color": "#c3c3c3",
            "display": true,
            "font": {
              "size": 16
            },
            "text": "datetime"
          },
          "type": "timeseries"
        },
        "y": {
          "grid": {
            "color": "#393939"
          },
          "position": "left",
          "ticks": {
            "color": "#c3c3c3"
          },
          "title": {
            "color": "#c3c3c3",
            "display": true,
            "font": {
              "size": 16
            },
            "text": "pace /km"
          }
        }
      }
    }
  },
  {
    "datasets": {
      "xAxis": [
        "2024-10-25T12:00:00-08:00",
        "2024-10-26"
      ],
      "yAxes": [
        {
          "data": [
            284.3938855314611,
            284.3938855314611
          ],
          "fill": false,
          "label": "pace",
          "pointHoverRadius": 20,
          "tension": 0,
          "yAxisID": "y"
        }
      ]
    },
    "extra": {},
    "options": {
      "maintainAspectRatio": false,
      "plugins": {
        "legend": {
          "labels": {
            "color": "#c3c3c3"
          }
        },
        "title": {
          "align": "center",
          "color": "#c3c3c3",
          "display": false,
          "font": {
            "size": 24
          },
          "text": "Marathons and half-marathons"
        },
        "tooltip": {
          "backgroundColor": "rgba(204, 204, 204, 0.75)",
          "bodyColor": "black",
          "titleColor": "black"
        }
      },
      "pointHitRadius": 20,
      "responsive": true,
      "scales": {
        "x": {
          "grid": {
            "color": "#393939"
          },
          "ticks": {
            "color": "#c3c3c3"
          },
          "time": {
            "displayFormats": {
              "day": "dd MMM yy"
            },
            "unit": "day"
          },
          "title": {
            "color": "#c3c3c3",
            "display": true,
            "font": {
              "size": 16
            },
            "text": "datetime"
          },
          "type": "timeseries"
        },
        "y": {
          "grid": {
            "color": "#393939"
          },
          "position": "left",
          "ticks": {
            "color": "#c3c3c3"
          },
          "title": {
            "color": "#c3c3c3",
            "display": true,
            "font": {
              "size": 16
            },
            "text": "pace /km"
          }
        }
      }
    }
  },
  {
    "datasets": {
      "xAxis": [
        "2024-10-20T14:30:00",
        "2024-10-25T12:00:00-08:00"
      ],
      "yAxes": [
        {
          "data": [
            32.18,
            42.195
          ],
          "fill": false,
          "label": "distance",
          "pointHoverRadius": 20,
          "tension": 0,
          "yAxisID": "y"
        },
        {
          "data": [
            300,
            284.3938855314611
          ],
          "fill": false,
          "label": "pace",
          "pointHoverRadius": 20,
          "tension": 0,
          "yAxisID": "y1"
        }
      ]
    },
    "extra": {},
    "options": {
      "maintainAspectRatio": false,
      "plugins": {
        "legend": {
          "labels": {
            "color": "#c3c3c3"
          }
        },
        "title": {
          "align": "center",
          "color": "#c3c3c3",
          "display": false,
          "font": {
            "size": 24
          },
          "text": "Long runs"
        },
        "tooltip": {
          "backgroundColor": "rgba(204, 204, 204, 0.75)",
          "bodyColor": "black",
          "titleColor": "black"
        }
      },
      "pointHitRadius": 20,
      "responsive": true,
      "scales": {
        "x": {
          "grid": {
            "color": "#393939"
          },
          "ticks": {
            "color": "#c3c3c3"
          },
          "time": {
            "displayFormats": {
              "day": "dd MMM yy"
            },
            "unit": "day"
          },
          "title": {
            "color": "#c3c3c3",
            "display": true,
            "font": {
              "size": 16
            },
            "text": "datetime"
          },
          "type": "timeseries"
        },
        "y": {
          "grid": {
            "color": "#393939"
          },
          "position": "left",
          "ticks": {
            "color": "#c3c3c3"
          },
          "title": {
            "color": "#c3c3c3",
            "display": true,
            "font": {
              "size": 16
            },
            "text": "km"
          }
        },
        "y1": {
          "grid": {
            "color": "#393939"
          },
          "position": "right",
          "ticks": {
            "color": "#c3c3c3"
          },
          "title": {
            "color": "#c3c3c3",
            "display": true,
            "font": {
              "size": 16
            },
            "text": "pace /km"
          }
        }
      }
    }
  },
  {
    "datasets": {
      "xAxis": [
        "2024-10-14",
        "2024-10-21"
      ],
      "yAxes": [
        {
          "data": [
            37.18,
            63.292500000000004
          ],
          "fill": false,
          "label": "distance",
          "pointHoverRadius": 20,
          "tension": 0,
          "yAxisID": "y"
        }
      ]
    },
    "extra": {},
    "options": {
      "maintainAspectRatio": false,
      "plugins": {
        "legend": {
          "labels": {
            "color": "#c3c3c3"
          }
        },
        "title": {
          "align": "center",
          "color": "#c3c3c3",
          "display": false,
          "font": {
            "size": 24
          },
          "text": "Runs by week"
        },
        "tooltip": {
          "backgroundColor": "rgba(204, 204, 204, 0.75)",
          "bodyColor": "black",
          "titleColor": "black"
        }
      },
      "pointHitRadius": 20,
      "responsive": true,
      "scales": {
        "x": {
          "grid": {
            "color": "#393939"
          },
          "ticks": {
            "color": "#c3c3c3"
          },
          "time": {
            "displayFormats": {
              "day": "dd MMM yy"
            },
            "unit": "day"
          },
          "title": {
            "color": "#c3c3c3",
            "display": true,
            "font": {
              "size": 16
            },
            "text": "datetime"
          },
          "type": "timeseries"
        },
        "y": {
          "grid": {
            "color": "#393939"
          },
          "position": "left",
          "ticks": {
            "color": "#c3c3c3"
          },
          "title": {
            "color": "#c3c3c3",
            "display": true,
            "font": {
              "size": 16
            },
            "text": "km"
          }
        }
      }
    }
  }
]

