[
  {
    "datasets": {
      "xAxis": [
        "2020-10-31"
      ],
      "yAxes": [
        {
          "data": [
            30
          ],
          "fill": false,
          "label": "distance",
          "pointHoverRadius": 20,
          "tension": 0,
          "yAxisID": "y"
        }
      ]
    },
    "extra": {
      "description": "Simple charts"
    },
    "options": {
      "maintainAspectRatio": false,
      "plugins": {
        "legend": {
          "labels": {
            "color": "#c3c3c3"
          }
        },
        "title": {
          "align": "center",
          "color": "#c3c3c3",
          "display": true,
          "font": {
            "size": 24
          },
          "text": "Runs by distance"
        },
        "tooltip": {
          "backgroundColor": "rgba(204, 204, 204, 0.75)",
          "bodyColor": "black",
          "titleColor": "black"
        }
      },
      "pointHitRadius": 20,
      "responsive": true,
      "scales": {
        "x": {
          "grid": {
            "color": "#393939"
          },
          "ticks": {
            "color": "#c3c3c3"
          },
          "time": {
            "displayFormats": {
              "day": "dd MMM yy"
            },
            "unit": "day"
          },
          "title": {
            "color": "#c3c3c3",
            "display": true,
            "font": {
              "size": 16
            },
            "text": "datetime"
          },
          "type": "timeseries"
        },
        "y": {
          "grid": {
            "color": "#393939"
          },
          "position": "left",
          "ticks": {
            "color": "#c3c3c3"
          },
          "title": {
            "color": "#c3c3c3",
            "display": true,
            "font": {
              "size": 16
            },
            "text": "mi"
          }
        }
      }
    }
  },
  {
    "datasets": {
      "xAxis": [
        "2020-10-31"
      ],
      "yAxes": [
        {
          "data": [
            10800
          ],
          "fill": false,
          "label": "duration",
          "pointHoverRadius": 20,
          "tension": 0,
          "yAxisID": "y"
        },
        {
          "data": [
            30
          ],
          "fill": false,
          "label": "distance",
          "pointHoverRadius": 20,
          "tension": 0,
          "yAxisID": "y1"
        }
      ]
    },
    "extra": {},
    "options": {
      "maintainAspectRatio": false,
      "plugins": {
        "legend": {
          "labels": {
            "color": "#c3c3c3"
          }
        },
        "title": {
          "align": "center",
          "color": "#c3c3c3",
          "display": true,
          "font": {
            "size": 24
          },
          "text": "Runs by duration"
        },
        "tooltip": {
          "backgroundColor": "rgba(204, 204, 204, 0.75)",
          "bodyColor": "black",
          "titleColor": "black"
        }
      },
      "pointHitRadius": 20,
      "responsive": true,
      "scales": {
        "x": {
          "grid": {
            "color": "#393939"
          },
          "ticks": {
            "color": "#c3c3c3"
          },
          "time": {
            "displayFormats": {
              "day": "dd MMM yy"
            },
            "unit": "day"
          },
          "title": {
            "color": "#c3c3c3",
            "display": true,
            "font": {
              "size": 16
            },
            "text": "datetime"
          },
          "type": "timeseries"
        },
        "y": {
          "grid": {
            "color": "#393939"
          },
          "position": "left",
          "ticks": {
            "color": "#c3c3c3"
          },
          "title": {
            "color": "#c3c3c3",
            "display": true,
            "font": {
              "size": 16
            },
            "text": "time"
          }
        },
        "y1": {
          "grid": {
            "color": "#393939"
          },
          "position": "right",
          "ticks": {
            "color": "#c3c3c3"
          },
          "title": {
            "color": "#c3c3c3",
            "display": true,
            "font": {
              "size": 16
            },
            "text": "mi"
          }
        }
      }
    }
  },
  {
    "datasets": {
      "xAxis": [
        "2020-10-31"
      ],
      "yAxes": [
        {
          "data": [
            360
          ],
          "fill": false,
          "label": "pace",
          "pointHoverRadius": 20,
          "tension": 0,
          "yAxisID": "y"
        }
      ]
    },
    "extra": {},
    "options": {
      "maintainAspectRatio": false,
      "plugins": {
        "legend": {
          "labels": {
            "color": "#c3c3c3"
          }
        },
        "title": {
          "align": "center",
          "color": "#c3c3c3",
          "display": true,
          "font": {
            "size": 24
          },
          "text": "Runs by pace"
        },
        "tooltip": {
          "backgroundColor": "rgba(204, 204, 204, 0.75)",
          "bodyColor": "black",
          "titleColor": "black"
        }
      },
      "pointHitRadius": 20,
      "responsive": true,
      "scales": {
        "x": {
          "grid": {
            "color": "#393939"
          },
          "ticks": {
            "color": "#c3c3c3"
          },
          "time": {
            "displayFormats": {
              "day": "dd MMM yy"
            },
            "unit": "day"
          },
          "title": {
            "color": "#c3c3c3",
            "display": true,
            "font": {
              "size": 16
            },
            "text": "datetime"
          },
          "type": "timeseries"
        },
        "y": {
          "grid": {
            "color": "#393939"
          },
          "position": "left",
          "ticks": {
            "color": "#c3c3c3"
          },
          "title": {
            "color": "#c3c3c3",
            "display": true,
            "font": {
              "size": 16
            },
            "text": "pace /mi"
          }
        }
      }
    }
  }
]

