build/charts.json

[
  {
    "datasets": {
      "xAxis": [
        "2022-12-10T12:52:02",
        "2024-10-10T12:00:00-08:00",
        "2024-10-15",
        "2024-10-20T14:30:00",
        "2024-10-25T12:00:00-08:00",
        "2024-10-28T12:00:00-08:00",
        "2025-01-16T18:04:43",
        "2025-01-25T12:15:10",
        "2025-02-04T17:40:38",
        "2025-02-06T17:06:03"
      ],
      "yAxes": [
        {
          "data": [
            11.63,
            21.0975,
            5,
            32.18,
            42.195,
            42.195,
            3.77,
            30.27,
            6.03,
            5.48
          ],
          "fill": false,
          "label": "distance",
          "pointHoverRadius": 20,
          "tension": 0,
          "yAxisID": "y"
        }
      ]
    },
    "extra": {
      "description": "This is some runs plotted by distance."
    },
    "options": {
      "maintainAspectRatio": false,
      "plugins": {
        "legend": {
          "labels": {
            "color": "#c3c3c3"
          }
        },
        "title": {
          "align": "center",
          "color": "#c3c3c3",
          "display": true,
          "font": {
            "size": 24
          },
          "text": "Runs by distance"
        },
        "tooltip": {
          "backgroundColor": "rgba(204, 204, 204, 0.75)",
          "bodyColor": "black",
          "titleColor": "black"
        }
      },
      "pointHitRadius": 20,
      "responsive": true,
      "scales": {
        "x": {
          "grid": {
            "color": "#393939"
          },
          "ticks": {
            "color": "#c3c3c3"
          },
          "time": {
            "displayFormats": {
              "day": "dd MMM yy"
            },
            "unit": "day"
          },
          "title": {
            "color": "#c3c3c3",
            "display": true,
            "font": {
              "size": 16
            },
            "text": "datetime"
          },
          "type": "timeseries"
        },
        "y": {
          "grid": {
            "color": "#393939"
          },
          "position": "left",
          "ticks": {
            "color": "#c3c3c3"
          },
          "title": {
            "color": "#c3c3c3",
            "display": true,
            "font": {
              "size": 16
            },
            "text": "km"
          }
        }
      }
    }
  },
  {
    "datasets": {
      "xAxis": [
        "2022-12-10T12:52:02",
        "2024-10-10T12:00:00-08:00",
        "2024-10-15",
        "2024-10-20T14:30:00",
        "2024-10-25T12:00:00-08:00",
        "2024-10-28T12:00:00-08:00",
        "2025-01-16T18:04:43",
        "2025-01-25T12:15:10",
        "2025-02-04T17:40:38",
        "2025-02-06T17:06:03"
      ],
      "yAxes": [
        {
          "data": [
            7.228091982597887,
            13.112181479179615,
            3.107520198881293,
            20,
            26.22436295835923,
            26.22436295835923,
            2.3430702299564947,
            18.812927284027346,
            3.747669359850839,
            3.405842137973897
          ],
          "fill": false,
          "label": "distance",
          "pointHoverRadius": 20,
          "tension": 0,
          "yAxisID": "y"
        },
        {
          "data": [
            504.4208082545142,
            366.0718094560967,
            395.81399999999996,
            482.7,
            457.5897618201209,
            720.7038748666904,
            455.81220159151195,
            527.2969937231583,
            479.23117744610283,
            548.4693430656934
          ],
          "fill": false,
          "label": "pace",
          "pointHoverRadius": 20,
          "tension": 0,
          "yAxisID": "y1"
        }
      ]
    },
    "extra": {
      "description": "The same runs as before, but in miles."
    },
    "options": {
      "maintainAspectRatio": false,
      "plugins": {
        "legend": {
          "labels": {
            "color": "#c3c3c3"
          }
        },
        "title": {
          "align": "center",
          "color": "#c3c3c3",
          "display": true,
          "font": {
            "size": 24
          },
          "text": "Runs by distance and pace"
        },
        "tooltip": {
          "backgroundColor": "rgba(204, 204, 204, 0.75)",
          "bodyColor": "black",
          "titleColor": "black"
        }
      },
      "pointHitRadius": 20,
      "responsive": true,
      "scales": {
        "x": {
          "grid": {
            "color": "#393939"
          },
          "ticks": {
            "color": "#c3c3c3"
          },
          "time": {
            "displayFormats": {
              "day": "dd MMM yy"
            },
            "unit": "day"
          },
          "title": {
            "color": "#c3c3c3",
            "display": true,
            "font": {
              "size": 16
            },
            "text": "datetime"
          },
          "type": "timeseries"
        },
        "y": {
          "grid": {
            "color": "#393939"
          },
          "position": "left",
          "ticks": {
            "color": "#c3c3c3"
          },
          "title": {
            "color": "#c3c3c3",
            "display": true,
            "font": {
              "size": 16
            },
            "text": "mi"
          }
        },
        "y1": {
          "grid": {
            "color": "#393939"
          },
          "position": "right",
          "ticks": {
            "color": "#c3c3c3"
          },
          "title": {
            "color": "#c3c3c3",
            "display": true,
            "font": {
              "size": 16
            },
            "text": "pace /mi"
          }
        }
      }
    }
  },
  {
    "datasets": {
      "xAxis": [
        "2024-10-25T12:00:00-08:00",
        "2024-10-28T12:00:00-08:00"
      ],
      "yAxes": [
        {
          "data": [
            12000,
            18900
          ],
          "fill": false,
          "label": "duration",
          "pointHoverRadius": 20,
          "tension": 0,
          "yAxisID": "y"
        },
        {
          "data": [
            284.3938855314611,
            447.9203697120512
          ],
          "fill": false,
          "label": "pace",
          "pointHoverRadius": 20,
          "tension": 0,
          "yAxisID": "y1"
        }
      ]
    },
    "extra": {},
    "options": {
      "maintainAspectRatio": false,
      "plugins": {
        "legend": {
          "labels": {
            "color": "#c3c3c3"
          }
        },
        "title": {
          "align": "center",
          "color": "#c3c3c3",
          "display": true,
          "font": {
            "size": 24
          },
          "text": "Marathons"
        },
        "tooltip": {
          "backgroundColor": "rgba(204, 204, 204, 0.75)",
          "bodyColor": "black",
          "titleColor": "black"
        }
      },
      "pointHitRadius": 20,
      "responsive": true,
      "scales": {
        "x": {
          "grid": {
            "color": "#393939"
          },
          "ticks": {
            "color": "#c3c3c3"
          },
          "time": {
            "displayFormats": {
              "day": "dd MMM yy"
            },
            "unit": "day"
          },
          "title": {
            "color": "#c3c3c3",
            "display": true,
            "font": {
              "size": 16
            },
            "text": "datetime"
          },
          "type": "timeseries"
        },
        "y": {
          "grid": {
            "color": "#393939"
          },
          "position": "left",
          "ticks": {
            "color": "#c3c3c3"
          },
          "title": {
            "color": "#c3c3c3",
            "display": true,
            "font": {
              "size": 16
            },
            "text": "time"
          }
        },
        "y1": {
          "grid": {
            "color": "#393939"
          },
          "position": "right",
          "ticks": {
            "color": "#c3c3c3"
          },
          "title": {
            "color": "#c3c3c3",
            "display": true,
            "font": {
              "size": 16
            },
            "text": "pace /km"
          }
        }
      }
    }
  },
  {
    "datasets": {
      "xAxis": [
        "2024-10-10T12:00:00-08:00"
      ],
      "yAxes": [
        {
          "data": [
            227.51510842516885
          ],
          "fill": false,
          "label": "pace",
          "pointHoverRadius": 20,
          "tension": 0,
          "yAxisID": "y"
        }
      ]
    },
    "extra": {},
    "options": {
      "maintainAspectRatio": false,
      "plugins": {
        "legend": {
          "labels": {
            "color": "#c3c3c3"
          }
        },
        "title": {
          "align": "center",
          "color": "#c3c3c3",
          "display": true,
          "font": {
            "size": 24
          },
          "text": "Official non-marathons"
        },
        "tooltip": {
          "backgroundColor": "rgba(204, 204, 204, 0.75)",
          "bodyColor": "black",
          "titleColor": "black"
        }
      },
      "pointHitRadius": 20,
      "responsive": true,
      "scales": {
        "x": {
          "grid": {
            "color": "#393939"
          },
          "ticks": {
            "color": "#c3c3c3"
          },
          "time": {
            "displayFormats": {
              "day": "dd MMM yy"
            },
            "unit": "day"
          },
          "title": {
            "color": "#c3c3c3",
            "display": true,
            "font": {
              "size": 16
            },
            "text": "datetime"
          },
          "type": "timeseries"
        },
        "y": {
          "grid": {
            "color": "#393939"
          },
          "position": "left",
          "ticks": {
            "color": "#c3c3c3"
          },
          "title": {
            "color": "#c3c3c3",
            "display": true,
            "font": {
              "size": 16
            },
            "text": "pace /km"
          }
        }
      }
    }
  },
  {
    "datasets": {
      "xAxis": [
        "2024-10-10T12:00:00-08:00",
        "2024-10-25T12:00:00-08:00",
        "2024-10-28T12:00:00-08:00"
      ],
      "yAxes": [
        {
          "data": [
            227.51510842516885,
            284.3938855314611,
            447.9203697120512
          ],
          "fill": false,
          "label": "pace",
          "pointHoverRadius": 20,
          "tension": 0,
          "yAxisID": "y"
        }
      ]
    },
    "extra": {},
    "options": {
      "maintainAspectRatio": false,
      "plugins": {
        "legend": {
          "labels": {
            "color": "#c3c3c3"
          }
        },
        "title": {
          "align": "center",
          "color": "#c3c3c3",
          "display": true,
          "font": {
            "size": 24
          },
          "text": "Marathons and half-marathons"
        },
        "tooltip": {
          "backgroundColor": "rgba(204, 204, 204, 0.75)",
          "bodyColor": "black",
          "titleColor": "black"
        }
      },
      "pointHitRadius": 20,
      "responsive": true,
      "scales": {
        "x": {
          "grid": {
            "color": "#393939"
          },
          "ticks": {
            "color": "#c3c3c3"
          },
          "time": {
            "displayFormats": {
              "day": "dd MMM yy"
            },
            "unit": "day"
          },
          "title": {
            "color": "#c3c3c3",
            "display": true,
            "font": {
              "size": 16
            },
            "text": "datetime"
          },
          "type": "timeseries"
        },
        "y": {
          "grid": {
            "color": "#393939"
          },
          "position": "left",
          "ticks": {
            "color": "#c3c3c3"
          },
          "title": {
            "color": "#c3c3c3",
            "display": true,
            "font": {
              "size": 16
            },
            "text": "pace /km"
          }
        }
      }
    }
  },
  {
    "datasets": {
      "xAxis": [
        "2024-10-20T14:30:00",
        "2024-10-25T12:00:00-08:00",
        "2024-10-28T12:00:00-08:00",
        "2025-01-25T12:15:10"
      ],
      "yAxes": [
        {
          "data": [
            32.18,
            42.195,
            42.195,
            30.27
          ],
          "fill": false,
          "label": "distance",
          "pointHoverRadius": 20,
          "tension": 0,
          "yAxisID": "y"
        },
        {
          "data": [
            300,
            284.3938855314611,
            447.9203697120512,
            327.7172117608193
          ],
          "fill": false,
          "label": "pace",
          "pointHoverRadius": 20,
          "tension": 0,
          "yAxisID": "y1"
        }
      ]
    },
    "extra": {},
    "options": {
      "maintainAspectRatio": false,
      "plugins": {
        "legend": {
          "labels": {
            "color": "#c3c3c3"
          }
        },
        "title": {
          "align": "center",
          "color": "#c3c3c3",
          "display": true,
          "font": {
            "size": 24
          },
          "text": "Long runs"
        },
        "tooltip": {
          "backgroundColor": "rgba(204, 204, 204, 0.75)",
          "bodyColor": "black",
          "titleColor": "black"
        }
      },
      "pointHitRadius": 20,
      "responsive": true,
      "scales": {
        "x": {
          "grid": {
            "color": "#393939"
          },
          "ticks": {
            "color": "#c3c3c3"
          },
          "time": {
            "displayFormats": {
              "day": "dd MMM yy"
            },
            "unit": "day"
          },
          "title": {
            "color": "#c3c3c3",
            "display": true,
            "font": {
              "size": 16
            },
            "text": "datetime"
          },
          "type": "timeseries"
        },
        "y": {
          "grid": {
            "color": "#393939"
          },
          "position": "left",
          "ticks": {
            "color": "#c3c3c3"
          },
          "title": {
            "color": "#c3c3c3",
            "display": true,
            "font": {
              "size": 16
            },
            "text": "km"
          }
        },
        "y1": {
          "grid": {
            "color": "#393939"
          },
          "position": "right",
          "ticks": {
            "color": "#c3c3c3"
          },
          "title": {
            "color": "#c3c3c3",
            "display": true,
            "font": {
              "size": 16
            },
            "text": "pace /km"
          }
        }
      }
    }
  },
  {
    "datasets": {
      "xAxis": [
        "2022-12-05",
        "2024-10-07",
        "2024-10-14",
        "2024-10-21",
        "2024-10-28",
        "2025-01-13",
        "2025-01-20",
        "2025-02-03"
      ],
      "yAxes": [
        {
          "data": [
            11.63,
            21.0975,
            37.18,
            42.195,
            42.195,
            3.77,
            30.27,
            11.510000000000002
          ],
          "fill": false,
          "label": "distance",
          "pointHoverRadius": 20,
          "tension": 0,
          "yAxisID": "y"
        }
      ]
    },
    "extra": {},
    "options": {
      "maintainAspectRatio": false,
      "plugins": {
        "legend": {
          "labels": {
            "color": "#c3c3c3"
          }
        },
        "title": {
          "align": "center",
          "color": "#c3c3c3",
          "display": true,
          "font": {
            "size": 24
          },
          "text": "Runs by week"
        },
        "tooltip": {
          "backgroundColor": "rgba(204, 204, 204, 0.75)",
          "bodyColor": "black",
          "titleColor": "black"
        }
      },
      "pointHitRadius": 20,
      "responsive": true,
      "scales": {
        "x": {
          "grid": {
            "color": "#393939"
          },
          "ticks": {
            "color": "#c3c3c3"
          },
          "time": {
            "displayFormats": {
              "day": "dd MMM yy"
            },
            "unit": "day"
          },
          "title": {
            "color": "#c3c3c3",
            "display": true,
            "font": {
              "size": 16
            },
            "text": "datetime"
          },
          "type": "timeseries"
        },
        "y": {
          "grid": {
            "color": "#393939"
          },
          "position": "left",
          "ticks": {
            "color": "#c3c3c3"
          },
          "title": {
            "color": "#c3c3c3",
            "display": true,
            "font": {
              "size": 16
            },
            "text": "km"
          }
        }
      }
    }
  }
]

