[
  {
    "datasets": {
      "xAxis": [
        "2024-10-15",
        "2024-10-20T14:30:00",
        "2024-10-25T12:00:00-08:00"
      ],
      "yAxes": [
        {
          "data": [
            5,
            32.18,
            42.195
          ],
          "fill": false,
          "label": "distance",
          "tension": 0,
          "yAxisID": "y"
        }
      ]
    },
    "options": {
      "maintainAspectRatio": false,
      "plugins": {
        "title": {
          "display": true,
          "text": "Runs by distance"
        }
      },
      "responsive": true,
      "scales": {
        "x": {
          "time": {
            "displayFormats": {
              "day": "dd MMM yy"
            },
            "unit": "day"
          },
          "title": {
            "display": true,
            "text": "datetime"
          },
          "type": "timeseries"
        },
        "y": {
          "position": "left",
          "title": {
            "display": true,
            "text": "km"
          }
        }
      }
    }
  },
  {
    "datasets": {
      "xAxis": [
        "2024-10-15",
        "2024-10-20T14:30:00",
        "2024-10-25T12:00:00-08:00"
      ],
      "yAxes": [
        {
          "data": [
            1230,
            9654,
            12000
          ],
          "fill": false,
          "label": "duration",
          "tension": 0,
          "yAxisID": "y"
        },
        {
          "data": [
            5,
            32.18,
            42.195
          ],
          "fill": false,
          "label": "distance",
          "tension": 0,
          "yAxisID": "y1"
        }
      ]
    },
    "options": {
      "maintainAspectRatio": false,
      "plugins": {
        "title": {
          "display": true,
          "text": "Runs by duration"
        }
      },
      "responsive": true,
      "scales": {
        "x": {
          "time": {
            "displayFormats": {
              "day": "dd MMM yy"
            },
            "unit": "day"
          },
          "title": {
            "display": true,
            "text": "datetime"
          },
          "type": "timeseries"
        },
        "y": {
          "position": "left",
          "title": {
            "display": true,
            "text": "time"
          }
        },
        "y1": {
          "position": "right",
          "title": {
            "display": true,
            "text": "km"
          }
        }
      }
    }
  },
  {
    "datasets": {
      "xAxis": [
        "2024-10-15",
        "2024-10-20T14:30:00",
        "2024-10-25T12:00:00-08:00"
      ],
      "yAxes": [
        {
          "data": [
            246,
            300,
            284.3938855314611
          ],
          "fill": false,
          "label": "pace",
          "tension": 0,
          "yAxisID": "y"
        }
      ]
    },
    "options": {
      "maintainAspectRatio": false,
      "plugins": {
        "title": {
          "display": true,
          "text": "Runs by pace"
        }
      },
      "responsive": true,
      "scales": {
        "x": {
          "time": {
            "displayFormats": {
              "day": "dd MMM yy"
            },
            "unit": "day"
          },
          "title": {
            "display": true,
            "text": "datetime"
          },
          "type": "timeseries"
        },
        "y": {
          "position": "left",
          "title": {
            "display": true,
            "text": "pace /km"
          }
        }
      }
    }
  }
]

