[
  {
    "data": {
      "x": [
        "2024-10-10T12:00:00-08:00",
        "2024-10-15",
        "2024-10-20T14:30:00",
        "2024-10-25T12:00:00-08:00",
        "2024-10-28T12:00:00-08:00"
      ],
      "y": {
        "label": "km",
        "values": [
          21.0975,
          5,
          32.18,
          42.195,
          42.195
        ]
      }
    },
    "title": "Runs by distance"
  },
  {
    "data": {
      "x": [
        "2024-10-25T12:00:00-08:00",
        "2024-10-28T12:00:00-08:00"
      ],
      "y": {
        "label": "time",
        "values": [
          12000,
          18900
        ]
      },
      "y1": {
        "label": "/km",
        "values": [
          284.3938855314611,
          447.9203697120512
        ]
      }
    },
    "title": "Marathons"
  },
  {
    "data": {
      "x": [
        "2024-10-10T12:00:00-08:00"
      ],
      "y": {
        "label": "/km",
        "values": [
          42.65908282971916
        ]
      }
    },
    "title": "Official non-marathons"
  },
  {
    "data": {
      "x": [
        "2024-10-10T12:00:00-08:00",
        "2024-10-25T12:00:00-08:00",
        "2024-10-28T12:00:00-08:00"
      ],
      "y": {
        "label": "/km",
        "values": [
          42.65908282971916,
          284.3938855314611,
          447.9203697120512
        ]
      }
    },
    "title": "Marathons and half-marathons"
  }
]

