[
  {
    "datasets": {
      "xAxis": [
        "2024-10-19"
      ],
      "yAxes": [
        {
          "data": [
            280
          ],
          "fill": false,
          "label": "pace",
          "tension": 0,
          "yAxisID": "y"
        }
      ]
    },
    "options": {
      "maintainAspectRatio": false,
      "plugins": {
        "title": {
          "display": true,
          "text": "Long runs"
        }
      },
      "responsive": true,
      "scales": {
        "x": {
          "time": {
            "displayFormats": {
              "day": "dd MMM yy"
            },
            "unit": "day"
          },
          "title": {
            "display": true,
            "text": "datetime"
          },
          "type": "timeseries"
        },
        "y": {
          "position": "left",
          "title": {
            "display": true,
            "text": "pace /km"
          }
        }
      }
    }
  },
  {
    "datasets": {
      "xAxis": [
        "2024-10-18",
        "2024-10-19"
      ],
      "yAxes": [
        {
          "data": [
            30,
            45
          ],
          "fill": false,
          "label": "distance",
          "tension": 0,
          "yAxisID": "y"
        }
      ]
    },
    "options": {
      "maintainAspectRatio": false,
      "plugins": {
        "title": {
          "display": true,
          "text": "Long runs 2"
        }
      },
      "responsive": true,
      "scales": {
        "x": {
          "time": {
            "displayFormats": {
              "day": "dd MMM yy"
            },
            "unit": "day"
          },
          "title": {
            "display": true,
            "text": "datetime"
          },
          "type": "timeseries"
        },
        "y": {
          "position": "left",
          "title": {
            "display": true,
            "text": "km"
          }
        }
      }
    }
  },
  {
    "datasets": {
      "xAxis": [
        "2024-10-15",
        "2024-10-16"
      ],
      "yAxes": [
        {
          "data": [
            198,
            183.75
          ],
          "fill": false,
          "label": "pace",
          "tension": 0,
          "yAxisID": "y"
        }
      ]
    },
    "options": {
      "maintainAspectRatio": false,
      "plugins": {
        "title": {
          "display": true,
          "text": "Fast runs"
        }
      },
      "responsive": true,
      "scales": {
        "x": {
          "time": {
            "displayFormats": {
              "day": "dd MMM yy"
            },
            "unit": "day"
          },
          "title": {
            "display": true,
            "text": "datetime"
          },
          "type": "timeseries"
        },
        "y": {
          "position": "left",
          "title": {
            "display": true,
            "text": "pace /km"
          }
        }
      }
    }
  },
  {
    "datasets": {
      "xAxis": [
        "2024-10-17",
        "2024-10-18"
      ],
      "yAxes": [
        {
          "data": [
            2520,
            9000
          ],
          "fill": false,
          "label": "duration",
          "tension": 0,
          "yAxisID": "y"
        }
      ]
    },
    "options": {
      "maintainAspectRatio": false,
      "plugins": {
        "title": {
          "display": true,
          "text": "Specific duration runs"
        }
      },
      "responsive": true,
      "scales": {
        "x": {
          "time": {
            "displayFormats": {
              "day": "dd MMM yy"
            },
            "unit": "day"
          },
          "title": {
            "display": true,
            "text": "datetime"
          },
          "type": "timeseries"
        },
        "y": {
          "position": "left",
          "title": {
            "display": true,
            "text": "time"
          }
        }
      }
    }
  }
]

