[
  {
    "data": {
      "x": [
        "2024-10-19"
      ],
      "y": {
        "label": "/km",
        "values": [
          280
        ]
      }
    },
    "title": "Long runs"
  },
  {
    "data": {
      "x": [
        "2024-10-18",
        "2024-10-19"
      ],
      "y": {
        "label": "km",
        "values": [
          30,
          45
        ]
      }
    },
    "title": "Long runs 2"
  },
  {
    "data": {
      "x": [
        "2024-10-15",
        "2024-10-16"
      ],
      "y": {
        "label": "/km",
        "values": [
          198,
          183.75
        ]
      }
    },
    "title": "Fast runs"
  },
  {
    "data": {
      "x": [
        "2024-10-17",
        "2024-10-18"
      ],
      "y": {
        "label": "time",
        "values": [
          2520,
          9000
        ]
      }
    },
    "title": "Specific duration runs"
  }
]

