[
  {
    "data": {
      "x": [
        "2024-10-15",
        "2024-10-20T14:30:00",
        "2024-10-25T12:00:00-08:00",
        "2024-10-26T12:00:00-08:00",
        "2024-10-27T12:00:00-08:00"
      ],
      "y": {
        "label": "km",
        "values": [
          5,
          32.18,
          42.195,
          10,
          10
        ]
      }
    },
    "title": "Chart 1"
  },
  {
    "data": {
      "x": [
        "2024-10-20T14:30:00",
        "2024-10-25T12:00:00-08:00"
      ],
      "y": {
        "label": "time",
        "values": [
          9654,
          12000
        ]
      },
      "y1": {
        "label": "km",
        "values": [
          32.18,
          42.195
        ]
      }
    },
    "title": "Chart 2"
  },
  {
    "data": {
      "x": [
        "2024-10-25T12:00:00-08:00"
      ],
      "y": {
        "label": "/km",
        "values": [
          284.3938855314611
        ]
      }
    },
    "title": "Chart 3"
  },
  {
    "data": {
      "x": [
        "2024-10-26T12:00:00-08:00"
      ],
      "y": {
        "label": "/km",
        "values": [
          360
        ]
      }
    },
    "title": "Chart 4"
  },
  {
    "data": {
      "x": [
        "2024-10-26T12:00:00-08:00"
      ],
      "y": {
        "label": "/km",
        "values": [
          360
        ]
      }
    },
    "title": "Chart 5"
  }
]

