[
  {
    "xAxis": [
      "2025-01-16",
      "2025-03-07",
      "2025-04-26"
    ],
    "yAxes": {
      "y": {
        "data": [
          323.02,
          325.2800000000001,
          50.629999999999995
        ],
        "id": "y",
        "label": "km",
        "type": "distance"
      }
    }
  }
]

