MkChartParams
  { activityLabelsPath = Nothing
  , activityPaths = fromList
    ( "C:\root\cli-both\activities.json" :| [ "C:\root\cli-both\activities.csv" ] )
  , buildDir = "C:\cwd\build\"
  , cleanInstall = False
  , chartRequestsPath = "C:\root\cli-both\chart-requests.json"
  , dataDir = ()
  , json = False
  , port = 3000
  }
