MkChartParams
  { activityLabelsPath = Just "C:\cwd\activity-labels.json"
  , activityPaths = fromList
    ( "C:\cwd\Activities.csv" :| [ "C:\cwd\activities.json" ] )
  , buildDir = "C:\cwd\build\"
  , cleanInstall = False
  , chartRequestsPath = "C:\cwd\chart-requests.json"
  , dataDir = ()
  , json = False
  , port = 3000
  }
