[
  {
    "xAxis": [
      "2025-01-01",
      "2025-02-01",
      "2025-03-01",
      "2025-04-01",
      "2025-05-01"
    ],
    "yAxes": {
      "y": {
        "data": [
          97.72,
          127.50999999999999,
          305.83,
          142.13,
          25.74
        ],
        "id": "y",
        "label": "km",
        "type": "distance"
      }
    }
  }
]

