MkSomeActivities
  { unSomeActivities = fromList
    ( MkSomeActivitiesKey
      { unSomeActivitiesKey = MkSomeActivity SKilometer
        ( MkActivity
          { datetime = TimestampZoned 2024-10-10 12:00:00 -0800
          , distance = MkDistance
            ( UnsafePositive 21.0975 ) Kilometer
          , duration = MkDuration
            { unDuration = UnsafePositive 4800.0 }
          , labels = fromList
            [ "half-marathon"
            , "official"
            ]
          , title = Just "Some half marathon"
          }
        )
      } :|
      [ MkSomeActivitiesKey
        { unSomeActivitiesKey = MkSomeActivity SKilometer
          ( MkActivity
            { datetime = TimestampDate 2024-10-15
            , distance = MkDistance
              ( UnsafePositive 5.0 ) Kilometer
            , duration = MkDuration
              { unDuration = UnsafePositive 1230.0 }
            , labels = fromList []
            , title = Nothing
            }
          )
        }
      , MkSomeActivitiesKey
        { unSomeActivitiesKey = MkSomeActivity SMile
          ( MkActivity
            { datetime = TimestampTime 2024-10-20 14:30:00
            , distance = MkDistance
              ( UnsafePositive 20.0 ) Mile
            , duration = MkDuration
              { unDuration = UnsafePositive 9654.0 }
            , labels = fromList [ "label1" ]
            , title = Nothing
            }
          )
        }
      , MkSomeActivitiesKey
        { unSomeActivitiesKey = MkSomeActivity SKilometer
          ( MkActivity
            { datetime = TimestampZoned 2024-10-25 12:00:00 -0800
            , distance = MkDistance
              ( UnsafePositive 42.195 ) Kilometer
            , duration = MkDuration
              { unDuration = UnsafePositive 12000.0 }
            , labels = fromList
              [ "marathon"
              , "official"
              ]
            , title = Just "Some Marathon"
            }
          )
        }
      , MkSomeActivitiesKey
        { unSomeActivitiesKey = MkSomeActivity SKilometer
          ( MkActivity
            { datetime = TimestampZoned 2024-10-28 12:00:00 -0800
            , distance = MkDistance
              ( UnsafePositive 42.195 ) Kilometer
            , duration = MkDuration
              { unDuration = UnsafePositive 18900.0 }
            , labels = fromList
              [ "marathon"
              , "official"
              ]
            , title = Just "Another marathon"
            }
          )
        }
      ]
    )
  }
