MkSomeActivities
  { unSomeActivities = fromList
    ( MkSomeActivitiesKey
      { unSomeActivitiesKey = MkSomeActivity SKilometer
        ( MkActivity
          { atype = Nothing
          , datetime = TimestampZoned 2024-10-10 12:00:00 -0800
          , distance = MkDistance
            ( UnsafePositive 21.0975 ) Kilometer
          , duration = MkDuration
            { unDuration = UnsafePositive 4800.0 }
          , labels = fromList
            [ MkLabel
              { unLabel = "half-marathon" }
            , MkLabel
              { unLabel = "official" }
            ]
          , title = Just "Some half marathon"
          }
        )
      } :|
      [ MkSomeActivitiesKey
        { unSomeActivitiesKey = MkSomeActivity SKilometer
          ( MkActivity
            { atype = Just
              ( MkActivityType
                { unActivityType = "Running" }
              )
            , datetime = TimestampDate 2024-10-15
            , distance = MkDistance
              ( UnsafePositive 5.0 ) Kilometer
            , duration = MkDuration
              { unDuration = UnsafePositive 1230.0 }
            , labels = fromList []
            , title = Nothing
            }
          )
        }
      , MkSomeActivitiesKey
        { unSomeActivitiesKey = MkSomeActivity SMile
          ( MkActivity
            { atype = Nothing
            , datetime = TimestampTime 2024-10-20 14:30:00
            , distance = MkDistance
              ( UnsafePositive 20.0 ) Mile
            , duration = MkDuration
              { unDuration = UnsafePositive 9654.0 }
            , labels = fromList
              [ MkLabel
                { unLabel = "label1" }
              ]
            , title = Nothing
            }
          )
        }
      , MkSomeActivitiesKey
        { unSomeActivitiesKey = MkSomeActivity SKilometer
          ( MkActivity
            { atype = Nothing
            , datetime = TimestampZoned 2024-10-25 12:00:00 -0800
            , distance = MkDistance
              ( UnsafePositive 42.195 ) Kilometer
            , duration = MkDuration
              { unDuration = UnsafePositive 12000.0 }
            , labels = fromList
              [ MkLabel
                { unLabel = "marathon" }
              , MkLabel
                { unLabel = "official" }
              ]
            , title = Just "Some Marathon"
            }
          )
        }
      , MkSomeActivitiesKey
        { unSomeActivitiesKey = MkSomeActivity SKilometer
          ( MkActivity
            { atype = Nothing
            , datetime = TimestampZoned 2024-10-28 12:00:00 -0800
            , distance = MkDistance
              ( UnsafePositive 42.195 ) Kilometer
            , duration = MkDuration
              { unDuration = UnsafePositive 18900.0 }
            , labels = fromList
              [ MkLabel
                { unLabel = "marathon" }
              , MkLabel
                { unLabel = "official" }
              ]
            , title = Just "Another marathon"
            }
          )
        }
      ]
    )
  }
