MkChartParams
  { activityLabelsPath = Nothing
  , activityPaths = fromList
    ( "C:\xdg\config\pacer\activities.json" :| [] )
  , buildDir = "C:\config-data\build-dir\"
  , cleanInstall = False
  , chartRequestsPath = "C:\xdg\config\pacer\chart-requests.json"
  , dataDir = ()
  , json = False
  , port = 3000
  }
