MkActivityLabels
  { unActivityLabels = fromList
    [
      ( TimestampTime 2024-10-10 12:00:00
      , fromList
        ( MkLabel
          { unLabel = "half-marathon" } :|
          [ MkLabel
            { unLabel = "official" }
          ]
        )
      )
    ,
      ( TimestampTime 2024-10-25 12:00:00
      , fromList
        ( MkLabel
          { unLabel = "marathon" } :|
          [ MkLabel
            { unLabel = "official" }
          ]
        )
      )
    ]
  }
