MkChartParams
  { activityLabelsPath = Nothing
  , activityPaths = fromList
    ( "/cli-both/activities.csv" :| [ "/cli-both/activities.json" ] )
  , buildDir = "/cwd/build/"
  , cleanInstall = False
  , chartRequestsPath = "/cli-both/chart-requests.json"
  , dataDir = ()
  , json = False
  , port = 3000
  }
