MkChartParams
  { activityLabelsPath = Just "/cwd/activity-labels.json"
  , activityPaths = fromList
    ( "/cwd/Activities.csv" :| [ "/cwd/activities.json" ] )
  , buildDir = "/cwd/build/"
  , cleanInstall = False
  , chartRequestsPath = "/cwd/chart-requests.json"
  , dataDir = ()
  , json = False
  , port = 3000
  }
