MkChartParams
  { activityLabelsPath = Just "/cwd_files/activity-labels.json"
  , activityPaths = "/cwd_files/activities.json" :| [ "/cwd_files/Activities.csv" ]
  , buildDir = "/cwd_files/build/"
  , cleanInstall = False
  , chartRequestsPath = "/cwd_files/chart-requests.json"
  , dataDir = ()
  , json = False
  , port = 3000
  }
